[[58, 64], [139, 154]]
[
  {
    "case": "chain-128x8",
    "reconstruction_all_arrays_match": true,
    "identity_label": "conservative discovery index; reconstructed, not runtime address"
  },
  {
    "case": "chain-1024x64",
    "reconstruction_all_arrays_match": true,
    "identity_label": "conservative discovery index; reconstructed, not runtime address"
  },
  {
    "case": "dot-128x8",
    "reconstruction_all_arrays_match": true,
    "identity_label": "conservative discovery index; reconstructed, not runtime address",
    "identity_order_identical": true,
    "current_identity_order_sha256": "5ccf19f4f2c0424bb9636387a42e899d136172cb5e410c08d271cedf5925f25d",
    "predicted_identity_order_sha256": "5ccf19f4f2c0424bb9636387a42e899d136172cb5e410c08d271cedf5925f25d",
    "identity_positions_changed": 0,
    "array_hashes_identical": true,
    "differing_array_indices": [],
    "current_order_prefix": [
      0,
      1,
      2,
      3,
      4,
      5,
      6,
      7,
      8,
      9,
      10,
      11,
      12,
      13,
      14,
      15,
      16,
      17,
      18,
      19,
      20,
      21,
      22,
      23,
      24,
      25,
      26,
      27,
      28,
      29,
      30,
      31
    ],
    "predicted_order_prefix": [
      0,
      1,
      2,
      3,
      4,
      5,
      6,
      7,
      8,
      9,
      10,
      11,
      12,
      13,
      14,
      15,
      16,
      17,
      18,
      19,
      20,
      21,
      22,
      23,
      24,
      25,
      26,
      27,
      28,
      29,
      30,
      31
    ]
  },
  {
    "case": "dot-1024x32",
    "reconstruction_all_arrays_match": true,
    "identity_label": "conservative discovery index; reconstructed, not runtime address",
    "identity_order_identical": true,
    "current_identity_order_sha256": "197f7a314b356f70296099420b30d0beddb9fe80e95054af72e1c382cdf1eb9b",
    "predicted_identity_order_sha256": "197f7a314b356f70296099420b30d0beddb9fe80e95054af72e1c382cdf1eb9b",
    "identity_positions_changed": 0,
    "array_hashes_identical": true,
    "differing_array_indices": [],
    "current_order_prefix": [
      0,
      1,
      2,
      3,
      4,
      5,
      6,
      7,
      8,
      9,
      10,
      11,
      12,
      13,
      14,
      15,
      16,
      17,
      18,
      19,
      20,
      21,
      22,
      23,
      24,
      25,
      26,
      27,
      28,
      29,
      30,
      31
    ],
    "predicted_order_prefix": [
      0,
      1,
      2,
      3,
      4,
      5,
      6,
      7,
      8,
      9,
      10,
      11,
      12,
      13,
      14,
      15,
      16,
      17,
      18,
      19,
      20,
      21,
      22,
      23,
      24,
      25,
      26,
      27,
      28,
      29,
      30,
      31
    ]
  },
  {
    "case": "matmul-16x32x24",
    "reconstruction_all_arrays_match": true,
    "identity_label": "conservative discovery index; reconstructed, not runtime address",
    "identity_order_identical": false,
    "current_identity_order_sha256": "7e9c43323f4de782fb8189c2c5a3373a3186d8254939659c2c13afe4e805e534",
    "predicted_identity_order_sha256": "41cc850ecec8505f99284d51deb5f37ad286ca0983aede67df51c0d18a630d4b",
    "identity_positions_changed": 1278,
    "array_hashes_identical": false,
    "differing_array_indices": [
      0,
      2,
      3,
      4,
      9
    ],
    "current_order_prefix": [
      0,
      1,
      2,
      3,
      4,
      5,
      6,
      7,
      8,
      9,
      10,
      11,
      12,
      13,
      14,
      15,
      16,
      17,
      18,
      19,
      20,
      21,
      22,
      23,
      24,
      25,
      26,
      27,
      28,
      29,
      30,
      31
    ],
    "predicted_order_prefix": [
      0,
      1,
      25,
      2,
      26,
      3,
      27,
      4,
      28,
      5,
      29,
      6,
      30,
      7,
      31,
      8,
      32,
      9,
      33,
      10,
      34,
      11,
      35,
      12,
      36,
      13,
      37,
      14,
      38,
      15,
      39,
      16
    ]
  },
  {
    "case": "matmul-32x64x48",
    "reconstruction_all_arrays_match": true,
    "identity_label": "conservative discovery index; reconstructed, not runtime address",
    "identity_order_identical": false,
    "current_identity_order_sha256": "03bc19e3b80b294c8817fb3ab4c31eb5ceee476a6dc01da340acbeb9bcad8ae7",
    "predicted_identity_order_sha256": "b748eaf89c860918c3e9bf41fb01c6d109bac9142b328bc536d18970fbaccc77",
    "identity_positions_changed": 5118,
    "array_hashes_identical": false,
    "differing_array_indices": [
      0,
      2,
      3,
      4,
      9
    ],
    "current_order_prefix": [
      0,
      1,
      2,
      3,
      4,
      5,
      6,
      7,
      8,
      9,
      10,
      11,
      12,
      13,
      14,
      15,
      16,
      17,
      18,
      19,
      20,
      21,
      22,
      23,
      24,
      25,
      26,
      27,
      28,
      29,
      30,
      31
    ],
    "predicted_order_prefix": [
      0,
      1,
      49,
      2,
      50,
      3,
      51,
      4,
      52,
      5,
      53,
      6,
      54,
      7,
      55,
      8,
      56,
      9,
      57,
      10,
      58,
      11,
      59,
      12,
      60,
      13,
      61,
      14,
      62,
      15,
      63,
      16
    ]
  },
  {
    "case": "matmul-64x128x64",
    "reconstruction_all_arrays_match": true,
    "identity_label": "conservative discovery index; reconstructed, not runtime address",
    "identity_order_identical": false,
    "current_identity_order_sha256": "08063881d584e95e1734c94e92def2197295bb9d20f96d44852ce6fe37aa3687",
    "predicted_identity_order_sha256": "019485ea33cb9c61780d20d6cf8af5d473dd1d825765c87f3a145d672fbd4dd2",
    "identity_positions_changed": 16128,
    "array_hashes_identical": false,
    "differing_array_indices": [
      0,
      2,
      3,
      4,
      9
    ],
    "current_order_prefix": [
      0,
      1,
      2,
      3,
      4,
      5,
      6,
      7,
      8,
      9,
      10,
      11,
      12,
      13,
      14,
      15,
      16,
      17,
      18,
      19,
      20,
      21,
      22,
      23,
      24,
      25,
      26,
      27,
      28,
      29,
      30,
      31
    ],
    "predicted_order_prefix": [
      0,
      1,
      65,
      2,
      66,
      3,
      67,
      4,
      68,
      5,
      69,
      6,
      70,
      7,
      71,
      8,
      72,
      9,
      73,
      10,
      74,
      11,
      75,
      12,
      76,
      13,
      77,
      14,
      78,
      15,
      79,
      16
    ]
  }
]
